// Jest Snapshot v1, https://goo.gl/fbAQLP

exports[`<Footer /> renders the <Footer /> with populated data 1`] = `
<div
  class="style__Container-sc-1qwya3j-0 gROnQU"
>
  <p
    class="style__Title-sc-1qwya3j-4 bNYaSG"
  >
    Questions? Contact us
  </p>
  <p
    class="style__Break-sc-1qwya3j-6 hBxIDB"
  />
  <div
    class="style__Row-sc-1qwya3j-2 jqykhu"
  >
    <div
      class="style__Column-sc-1qwya3j-1 foymxT"
    >
      <a
        class="style__Link-sc-1qwya3j-3 fqCUMv"
        href="#"
      >
        FAQ
      </a>
      <a
        class="style__Link-sc-1qwya3j-3 fqCUMv"
        href="#"
      >
        Investor Relations
      </a>
      <a
        class="style__Link-sc-1qwya3j-3 fqCUMv"
        href="#"
      >
        Ways to Watch
      </a>
      <a
        class="style__Link-sc-1qwya3j-3 fqCUMv"
        href="#"
      >
        Coporate Information
      </a>
      <a
        class="style__Link-sc-1qwya3j-3 fqCUMv"
        href="#"
      >
        Netflix Originals
      </a>
    </div>
    <div
      class="style__Column-sc-1qwya3j-1 foymxT"
    >
      <a
        class="style__Link-sc-1qwya3j-3 fqCUMv"
        href="#"
      >
        Help Centre
      </a>
      <a
        class="style__Link-sc-1qwya3j-3 fqCUMv"
        href="#"
      >
        Jobs
      </a>
      <a
        class="style__Link-sc-1qwya3j-3 fqCUMv"
        href="#"
      >
        Terms of Use
      </a>
      <a
        class="style__Link-sc-1qwya3j-3 fqCUMv"
        href="#"
      >
        Contact us
      </a>
    </div>
    <div
      class="style__Column-sc-1qwya3j-1 foymxT"
    >
      <a
        class="style__Link-sc-1qwya3j-3 fqCUMv"
        href="#"
      >
        Account
      </a>
      <a
        class="style__Link-sc-1qwya3j-3 fqCUMv"
        href="#"
      >
        Redeem Gift Cards
      </a>
      <a
        class="style__Link-sc-1qwya3j-3 fqCUMv"
        href="#"
      >
        Privacy
      </a>
      <a
        class="style__Link-sc-1qwya3j-3 fqCUMv"
        href="#"
      >
        Speed Test
      </a>
    </div>
    <div
      class="style__Column-sc-1qwya3j-1 foymxT"
    >
      <a
        class="style__Link-sc-1qwya3j-3 fqCUMv"
        href="#"
      >
        Media Centre
      </a>
      <a
        class="style__Link-sc-1qwya3j-3 fqCUMv"
        href="#"
      >
        Buy Gift Cards
      </a>
      <a
        class="style__Link-sc-1qwya3j-3 fqCUMv"
        href="#"
      >
        Cookie Preferences
      </a>
      <a
        class="style__Link-sc-1qwya3j-3 fqCUMv"
        href="#"
      >
        Legal Notices
      </a>
    </div>
  </div>
  <p
    class="style__Break-sc-1qwya3j-6 hBxIDB"
  />
  <p
    class="style__Text-sc-1qwya3j-5 fSkTJD"
  >
    Netflix United Kingdom
  </p>
</div>
`;
