// Jest Snapshot v1, https://goo.gl/fbAQLP

exports[`<Player /> renders the <Player /> with a bunny video 1`] = `
<div
  class="style__Container-sc-1sg6yjr-0"
>
  <button
    class="style__Button-sc-1sg6yjr-5 hLooGz"
  >
    Play
  </button>
</div>
`;
